---
source: crates/alba-shell/src/parser.rs
expression: "err(\"case $x in a) echo a;; esac\")"
---
error: subshells and function definitions are not supported
  │ case $x in a) echo a;; esac
  │             ^
  = help: move the logic into a script invoked by `run`, or declare `executor system_shell` on this beam
