---
source: crates/alba-shell/src/parser.rs
expression: "err(\"if true; then echo y; fi\")"
---
error: `if` conditionals are not supported by the embedded shell
  │ if true; then echo y; fi
  │ ^^
  = help: move the logic into a script invoked by `run`, or declare `executor system_shell` on this beam
