---
source: crates/alba-shell/src/parser.rs
expression: "err(\"function greet { echo hi; }\")"
---
error: shell functions are not supported by the embedded shell
  │ function greet { echo hi; }
  │ ^^^^^^^^
  = help: move the logic into a script invoked by `run`, or declare `executor system_shell` on this beam
