---
source: crates/alba-shell/src/parser.rs
expression: "err(\"while true; do sleep 1; done\")"
---
error: `while` loops are not supported by the embedded shell
  │ while true; do sleep 1; done
  │ ^^^^^
  = help: move the logic into a script invoked by `run`, or declare `executor system_shell` on this beam
