---
source: crates/alba-shell/src/parser.rs
expression: "err(\"greet() { echo hi; }\")"
---
error: subshells, function definitions, and `case` patterns are not supported
  │ greet() { echo hi; }
  │      ^
  = help: move the logic into a script invoked by `run`, or declare `executor system_shell` on this beam
