---
source: crates/alba-tui/tests/render.rs
expression: "drawn(&state, 80, 24)"
---
"┌─ alba · waiting · 42 files watched ──────────────────────────────────────────┐"
"│BEAMS                         │LOGS                                ● following│"
"│                              │                                               │"
"│                              │                                               │"
"│                              │                                               │"
"│                              │                                               │"
"│                              │                                               │"
"│                              │                                               │"
"│                              │                                               │"
"│                              │                                               │"
"│                              │                                               │"
"│                              │                                               │"
"│                              │                                               │"
"│                              │                                               │"
"│                              │                                               │"
"│                              │                                               │"
"│                              │                                               │"
"│                              │                                               │"
"│                              │                                               │"
"│                              │                                               │"
"│                              │                                               │"
"│                              │                                               │"
"│✔ 0  ⚡ 0  ✖ 0  ○ 0           │                                               │" Hidden by multi-width symbols: [(7, " ")]
"└─ q quit · r rerun · c cancel · w watch · / search · ? help ──────────────────┘"
