---
source: crates/alba-tui/tests/render.rs
expression: "drawn(&state, 80, 24)"
---
"┌─ alba · parked · waiting for a valid Beamfile ───────────────────────────────┐"
"│BEAMS                         │DIAGNOSTIC                          ● following│"
"│                              │error: unknown target `nope`                   │"
"│                              │                                               │"
"│                              │                                               │"
"│                              │                                               │"
"│                              │                                               │"
"│                              │                                               │"
"│                              │                                               │"
"│                              │                                               │"
"│                              │                                               │"
"│                              │                                               │"
"│                              │                                               │"
"│                              │                                               │"
"│                              │                                               │"
"│                              │                                               │"
"│                              │                                               │"
"│                              │                                               │"
"│                              │                                               │"
"│                              │                                               │"
"│                              │                                               │"
"│                              │                                               │"
"│✔ 0  ⚡ 0  ✖ 0  ○ 0           │                                               │" Hidden by multi-width symbols: [(7, " ")]
"└─ q quit · r rerun · c cancel · w watch · / search · ? help ──────────────────┘"
