---
source: crates/alba-tui/tests/render.rs
expression: "drawn(&state, 80, 24)"
---
"┌─ alba · run build ── ▰▰▰▰▰▰▰▱▱▱▱▱▱▱ 1/2 · 0.0s ──────────────────────────────┐"
"│BEAMS                         │logs · services:payment:integration            │"
"│ ✔ services:payment:i…    1.2s│                                               │"
"│ ○ build                      │                                               │"
"│                              │                                               │"
"│                              │                                               │"
"│                              │                                               │"
"│                              │                                               │"
"│                              │                                               │"
"│                              │                                               │"
"│                              │                                               │"
"│                              │                                               │"
"│                              │                                               │"
"│                              │                                               │"
"│                              │                                               │"
"│                              │                                               │"
"│                              │                                               │"
"│                              │                                               │"
"│                              │                                               │"
"│                              │                                               │"
"│                              │                                               │"
"│                              │                                               │"
"│✔ 1  ⚡ 0  ✖ 0  ○ 1           │● following                                    │" Hidden by multi-width symbols: [(7, " ")]
"└─ q quit · r rerun · c cancel · w watch · / search · ? help ──────────────────┘"
