---
source: crates/alba-tui/tests/render.rs
expression: "drawn(&state, 80, 24)"
---
"┌─ alba · test ────────────────────────────────────────────────────────────────┐"
"│                                  [✔ codegen]                                 │"
"│                                       │                                      │"
"│                                   [▶ build]                                  │"
"│                                       │                                      │"
"│                                   [○ test]                                   │"
"│                                                                              │"
"│                                                                              │"
"│                                                                              │"
"│                                                                              │"
"│                                                                              │"
"│                                                                              │"
"│                                                                              │"
"│                                                                              │"
"│                                                                              │"
"│                                                                              │"
"│                                                                              │"
"│                                                                              │"
"│                                                                              │"
"│                                                                              │"
"│                                                                              │"
"│                                                                              │"
"│ ✔ 1  ⚡ 0  ✖ 0  ○ 1                ▰▰▰▰▰▰▰▰▰▰▱▱▱▱▱▱▱▱▱▱▱▱▱▱▱▱▱▱▱▱ 1/3 · 0.0s │" Hidden by multi-width symbols: [(8, " ")]
"└─ ↑↓←→ move · Enter select · Esc back ────────────────────────────────────────┘"
