---
source: crates/alba-tui/tests/render.rs
expression: "drawn(&state, 80, 24)"
---
"┌─ alba · build ───────────────────────────────────────────────────────────────┐"
"│BEAMS                         │LOGS                                ● following│"
"│ ✖ build                  0.5s│                                               │"
"│                              │                                               │"
"│                              │                                               │"
"│                              │                                               │"
"│                              │                                               │"
"│                              │                                               │"
"│                              │                                               │"
"│                              │                                               │"
"│                              │                                               │"
"│                              │                                               │"
"│                              │                                               │"
"│                              │                                               │"
"│                              │                                               │"
"│                              │                                               │"
"│                              │                                               │"
"│                              │                                               │"
"│                              │                                               │"
"│                              │                                               │"
"│                              │                                               │"
"├──────────────────────────────┴───────────────────────────────────────────────┤"
"│ ✔ 0  ⚡ 0  ✖ 1  ○ 0                                            failed · 0.5s │" Hidden by multi-width symbols: [(8, " ")]
"└─ q quit · r rerun · c cancel · w watch · / search · ? help ──────────────────┘"
