---
source: crates/alba-tui/tests/render.rs
expression: "drawn(&state, 80, 24)"
---
"┌─ alba · parked · waiting for a valid Beamfile ───────────────────────────────┐"
"│BEAMS                         │diagnostic                                     │"
"│                              │error: unknown target `nope`                   │"
"│                              │                                               │"
"│                              │                                               │"
"│                              │                                               │"
"│                              │                                               │"
"│                              │                                               │"
"│                              │                                               │"
"│                              │                                               │"
"│                              │                                               │"
"│                              │                                               │"
"│                              │                                               │"
"│                              │                                               │"
"│                              │                                               │"
"│                              │                                               │"
"│                              │                                               │"
"│                              │                                               │"
"│                              │                                               │"
"│                              │                                               │"
"│                              │                                               │"
"│                              │                                               │"
"│✔ 0  ⚡ 0  ✖ 0  ○ 0           │● following                                    │" Hidden by multi-width symbols: [(7, " ")]
"└─ q quit · r rerun · f force · t target · c cancel · w watch · n/N step ──────┘"
