---
source: crates/alba-tui/tests/render.rs
expression: "drawn(&state, 80, 24)"
---
"┌─ alba · build ───────────────────────────────────────────────────────────────┐"
"│BEAMS                         │LOGS                                ● following│"
"│ ✔ codegen                1.2s│Compiling api v0.1.0                           │"
"│ ⚡ api:codegen           0.8s│                                               │" Hidden by multi-width symbols: [(3, " ")]
"│ ▶ api:build             0.0s…│                                               │"
"│ ○ build                      │                                               │"
"│ ○ test                       │                                               │"
"│                              │                                               │"
"│                              │                                               │"
"│                              │                                               │"
"│                              │                                               │"
"│                              │                                               │"
"│                              │                                               │"
"│                              │                                               │"
"│                              │                                               │"
"│                              │                                               │"
"│                              │                                               │"
"│                              │                                               │"
"│                              │                                               │"
"│                              │                                               │"
"│                              │                                               │"
"├──────────────────────────────┴───────────────────────────────────────────────┤"
"│ ✔ 1  ⚡ 1  ✖ 0  ○ 2                ▰▰▰▰▰▰▰▰▰▰▰▰▱▱▱▱▱▱▱▱▱▱▱▱▱▱▱▱▱▱ 2/5 · 0.0s │" Hidden by multi-width symbols: [(8, " ")]
"└─ q quit · r rerun · c cancel · w watch · / search · ? help ──────────────────┘"
